bun.exe : $ vitest tests/components/features/revenue/log-
transaction-form.test.tsx --run
At C:\Users\farid\AppData\Roaming\npm\bun.ps1:14 char:3
+   & "$basedir/node_modules/bun/bin/bun.exe"   $args
+   ~~~~~~~~~~~~~~~~~~~~~~~~~~~~~~~~~~~~~~~~~~~~~~~~~
    + CategoryInfo          : NotSpecified: ($ vitest te 
   sts/....test.tsx --run:String) [], RemoteException
    + FullyQualifiedErrorId : NativeCommandError
 

[1m[46m RUN [49m[22m [36mv4.1.2 [39m[90mD:/project/rahma/hikara[39m

 [31mΓ¥»[39m tests/components/features/revenue/log-transaction-form.test.tsx [2m([22m[2m5 tests[22m[2m | [22m[31m2 failed[39m[2m)[22m[32m 215[2mms[22m[39m
     [32mΓ£ô[39m renders correctly with default values[32m 96[2mms[22m[39m
     [32mΓ£ô[39m updates total price when counters are incremented[32m 32[2mms[22m[39m
     [32mΓ£ô[39m toggles addons and updates price[32m 33[2mms[22m[39m
[31m     [31m├ù[31m submits the form successfully[39m[32m 29[2mms[22m[39m
[31m     [31m├ù[31m handles submission failure[39m[32m 23[2mms[22m[39m

[31mΓÄ»ΓÄ»ΓÄ»ΓÄ»ΓÄ»ΓÄ»ΓÄ»[39m[1m[41m Failed Tests 2 
[49m[22m[31mΓÄ»ΓÄ»ΓÄ»ΓÄ»ΓÄ»ΓÄ»ΓÄ»[39m

[41m[1m FAIL [22m[49m tests/components/features/reven
ue/log-transaction-form.test.tsx[2m > 
[22mLogTransactionForm[2m > [22msubmits the form 
successfully
[31m[1mTestingLibraryElementError[22m[39m: Unable to 
find an element with the placeholder text of: /Nama 
Pelanggan/i

Ignored nodes: comments, script, style
[36m<body>[39m
  [36m<div>[39m
    [36m<form[39m
      [33mclass[39m=[32m"bg-white p-10 border 
border-[#2C2A29]/10 shadow-sm space-y-8 flex flex-col 
justify-between h-full min-h-[400px]"[39m
    [36m>[39m
      [36m<div[39m
        [33mclass[39m=[32m"space-y-6"[39m
      [36m>[39m
        [36m<div[39m
          [33mclass[39m=[32m"space-y-3"[39m
        [36m>[39m
          [36m<label[39m
            [33mclass[39m=[32m"text-[10px] 
tracking-[0.4em] uppercase font-bold text-[#5A5550]/60 
flex items-center gap-2"[39m
          [36m>[39m
            [0mNama Pelanggan[0m
          [36m</label>[39m
          [36m<input[39m
            [33mclass[39m=[32m"w-full h-12 px-4 
border border-[#2C2A29]/10 focus:outline-none 
focus:border-[#8B5E56] transition-all text-sm 
placeholder:text-[10px] placeholder:tracking-widest 
placeholder:uppercase"[39m
            [33mname[39m=[32m"customerName"[39m
            [33mplaceholder[39m=[32m"Contoh: Budi 
Santoso"[39m
            [33mtype[39m=[32m"text"[39m
          [36m/>[39m
        [36m</div>[39m
        [36m<div[39m
          [33mclass[39m=[32m"space-y-3"[39m
        [36m>[39m
          [36m<label[39m
            [33mclass[39m=[32m"text-[10px] 
tracking-[0.4em] uppercase font-bold text-[#5A5550]/60 
flex items-center gap-2"[39m
          [36m>[39m
            [36m<svg[39m
              [33mclass[39m=[32m"text-[#8B5E56]"[39m
              [33mcolor[39m=[32m"currentColor"[39m
              [33mfill[39m=[32m"none"[39m
              [33mheight[39m=[32m"14"[39m
              [33mviewBox[39m=[32m"0 0 24 24"[39m
              [33mwidth[39m=[32m"14"[39m
              
[33mxmlns[39m=[32m"http://www.w3.org/2000/svg"[39m
            [36m>[39m
              [36m<path[39m
                [33md[39m=[32m"M12.001 
5.00003V19.002"[39m
                [33mstroke[39m=[32m"currentColor"[39m
                
[33mstroke-linecap[39m=[32m"round"[39m
                
[33mstroke-linejoin[39m=[32m"round"[39m
                [33mstroke-width[39m=[32m"1.5"[39m
              [36m/>[39m
              [36m<path[39m
                [33md[39m=[32m"M19.002 12.002L4.99998 
12.002"[39m
                [33mstroke[39m=[32m"currentColor"[39m
                
[33mstroke-linecap[39m=[32m"round"[39m
                
[33mstroke-linejoin[39m=[32m"round"[39m
                [33mstroke-width[39m=[32m"1.5"[39m
              [36m/>[39m
            [36m</svg>[39m
            [0mEntry Transaksi[0m
          [36m</label>[39m
          [36m<button[39m
            [33maria-autocomplete[39m=[32m"none"[39m
            
[33maria-controls[39m=[32m"radix-_r_6_"[39m
            [33maria-expanded[39m=[32m"false"[39m
            [33mclass[39m=[32m"flex w-fit 
items-center justify-between gap-1.5 border bg-input/30 
px-3 py-2 text-sm whitespace-nowrap transition-colors 
outline-none focus-visible:border-ring 
focus-visible:ring-[3px] focus-visible:ring-ring/50 
disabled:cursor-not-allowed disabled:opacity-50 
aria-invalid:border-destructive aria-invalid:ring-[3px] 
aria-invalid:ring-destructive/20 
data-placeholder:text-muted-foreground 
data-[size=default]:h-9 data-[size=sm]:h-8 
*:data-[slot=select-value]:line-clamp-1 
*:data-[slot=select-value]:flex 
*:data-[slot=select-value]:items-center 
*:data-[slot=select-value]:gap-1.5 
dark:hover:bg-input/50 
dark:aria-invalid:border-destructive/50 
dark:aria-invalid:ring-destructive/40 
[&_svg]:pointer-events-none [&_svg]:shrink-0 
[&_svg:not([class*='size-'])]:size-4 rounded-none 
border-[#2C2A29]/10 focus:ring-[#8B5E56] h-12"[39m
            [33mdata-size[39m=[32m"default"[39m
            
[33mdata-slot[39m=[32m"select-trigger"[39m
            [33mdata-state[39m=[32m"closed"[39m
            [33mdir[39m=[32m"ltr"[39m
            [33mrole[39m=[32m"combobox"[39m
            [33mtype[39m=[32m"button"[39m
          [36m>[39m
            [36m<span[39m
              
[33mdata-slot[39m=[32m"select-value"[39m
              [33mstyle[39m=[32m"pointer-events: 
none;"[39m
            [36m>[39m
              [0mSesi Foto + 2 Strip (35k)[0m
            [36m</span>[39m
            [36m<svg[39m
              [33maria-hidden[39m=[32m"true"[39m
              [33mclass[39m=[32m"pointer-events-none 
size-4 text-muted-foreground"[39m
              [33mcolor[39m=[32m"currentColor"[39m
              [33mfill[39m=[32m"none"[39m
              [33mheight[39m=[32m"24"[39m
              [33mstroke[39m=[32m"currentColor"[39m
              [33mstroke-width[39m=[32m"2"[39m
              [33mviewBox[39m=[32m"0 0 24 24"[39m
              [33mwidth[39m=[32m"24"[39m
              
[33mxmlns[39m=[32m"http://www.w3.org/2000/svg"[39m
            [36m>[39m
              [36m<path[39m
                [33md[39m=[32m"M10.3483 
10H13.6517C15.6822 10 16.6974 10 16.9501 9.39139C17.2028 
8.78277 16.4849 8.06648 15.0491 6.63391L13.3974 
4.9859L13.3974 4.9859C12.7387 4.32863 12.4093 4 12 
4C11.5907 4 11.2613 4.32864 10.6026 4.9859L8.95091 
6.63391L8.95091 6.63391C7.51513 8.06649 6.79724 8.78277 
7.0499 9.39139C7.30256 10 8.31781 10 10.3483 10Z"[39m
                [33mstroke[39m=[32m"currentColor"[39m
                
[33mstroke-linecap[39m=[32m"round"[39m
                
[33mstroke-linejoin[39m=[32m"round"[39m
                [33mstroke-width[39m=[32m"2"[39m
              [36m/>[39m
              [36m<path[39m
                [33md[39m=[32m"M10.3483 
14H13.6517C15.6822 14 16.6974 14 16.9501 14.6086C17.2028 
15.2172 16.4849 15.9335 15.0491 17.3661L13.3974 
19.0141C12.7387 19.6714 12.4093 20 12 20C11.5907 20 
11.2613 19.6714 10.6026 19.0141L8.95091 17.3661C7.51513 
15.9335 6.79724 15.2172 7.0499 14.6086C7.30256 14 
8.31781 14 10.3483 14Z"[39m
                [33mstroke[39m=[32m"currentColor"[39m
                
[33mstroke-linecap[39m=[32m"round"[39m
                
[33mstroke-linejoin[39m=[32m"round"[39m
                [33mstroke-width[39m=[32m"2"[39m
              [36m/>[39m
            [36m</svg>[39m
          [36m</button>[39m
          [36m<select[39m
            [33maria-hidden[39m=[32m"true"[39m
            [33mstyle[39m=[32m"position: absolute; 
border: 0px; width: 1px; height: 1px; padding: 0px; 
margin: -1px; overflow: hidden; clip: rect(0, 0, 0, 0); 
white-space: nowrap; word-wrap: normal;"[39m
            [33mtabindex[39m=[32m"-1"[39m
          [36m>[39m
            [36m<option[39m
              [33mvalue[39m=[32m"Sesi Foto + 2 
Strip"[39m
            [36m>[39m
              [0mSesi Foto + 2 Strip (35k)[0m
            [36m</option>[39m
          [36m</select>[39m
        [36m</div>[39m
        [36m<div[39m
          [33mclass[39m=[32m"space-y-4"[39m
        [36m>[39m
          [36m<label[39m
            [33mclass[39m=[32m"text-[10px] 
tracking-[0.4em] uppercase font-bold text-[#5A5550]/60...
[90m [2mΓ¥»[22m Object.getElementError node_modules/@t
esting-library/dom/dist/config.js:[2m37:19[22m[39m
[90m [2mΓ¥»[22m node_modules/@testing-library/dom/dist
/query-helpers.js:[2m76:38[22m[39m
[90m [2mΓ¥»[22m node_modules/@testing-library/dom/dist
/query-helpers.js:[2m52:17[22m[39m
[90m [2mΓ¥»[22m node_modules/@testing-library/dom/dist
/query-helpers.js:[2m95:19[22m[39m
[36m [2mΓ¥»[22m tests/components/features/revenue/log-
transaction-form.test.tsx:[2m61:30[22m[39m
    [90m 59|[39m
    [90m 60|[39m     [90m// Fill customer name - 
required by schema[39m
    [90m 61|[39m     [35mconst[39m nameInput 
[33m=[39m screen[33m.[39m[34mgetByPlaceholderText[3
9m([36m/Nama Pelanggan/i[39m)
    [90m   |[39m                              
[31m^[39m
    [90m 62|[39m     fireEvent[33m.[39m[34mchange[3
9m(nameInput[33m,[39m { target[33m:[39m { 
value[33m:[39m [32m'Test Customer'[39m } })
    [90m 63|[39m

[31m[2mΓÄ»ΓÄ»ΓÄ»ΓÄ»ΓÄ»ΓÄ»ΓÄ»ΓÄ»ΓÄ»ΓÄ»ΓÄ»ΓÄ»ΓÄ»ΓÄ»ΓÄ»ΓÄ»
ΓÄ»ΓÄ»ΓÄ»ΓÄ»ΓÄ»ΓÄ»ΓÄ»ΓÄ»[1/2]ΓÄ»[22m[39m

[41m[1m FAIL [22m[49m tests/components/features/reven
ue/log-transaction-form.test.tsx[2m > 
[22mLogTransactionForm[2m > [22mhandles submission 
failure
[31m[1mTestingLibraryElementError[22m[39m: Unable to 
find an element with the placeholder text of: /Nama 
Pelanggan/i

Ignored nodes: comments, script, style
[36m<body>[39m
  [36m<div>[39m
    [36m<form[39m
      [33mclass[39m=[32m"bg-white p-10 border 
border-[#2C2A29]/10 shadow-sm space-y-8 flex flex-col 
justify-between h-full min-h-[400px]"[39m
    [36m>[39m
      [36m<div[39m
        [33mclass[39m=[32m"space-y-6"[39m
      [36m>[39m
        [36m<div[39m
          [33mclass[39m=[32m"space-y-3"[39m
        [36m>[39m
          [36m<label[39m
            [33mclass[39m=[32m"text-[10px] 
tracking-[0.4em] uppercase font-bold text-[#5A5550]/60 
flex items-center gap-2"[39m
          [36m>[39m
            [0mNama Pelanggan[0m
          [36m</label>[39m
          [36m<input[39m
            [33mclass[39m=[32m"w-full h-12 px-4 
border border-[#2C2A29]/10 focus:outline-none 
focus:border-[#8B5E56] transition-all text-sm 
placeholder:text-[10px] placeholder:tracking-widest 
placeholder:uppercase"[39m
            [33mname[39m=[32m"customerName"[39m
            [33mplaceholder[39m=[32m"Contoh: Budi 
Santoso"[39m
            [33mtype[39m=[32m"text"[39m
          [36m/>[39m
        [36m</div>[39m
        [36m<div[39m
          [33mclass[39m=[32m"space-y-3"[39m
        [36m>[39m
          [36m<label[39m
            [33mclass[39m=[32m"text-[10px] 
tracking-[0.4em] uppercase font-bold text-[#5A5550]/60 
flex items-center gap-2"[39m
          [36m>[39m
            [36m<svg[39m
              [33mclass[39m=[32m"text-[#8B5E56]"[39m
              [33mcolor[39m=[32m"currentColor"[39m
              [33mfill[39m=[32m"none"[39m
              [33mheight[39m=[32m"14"[39m
              [33mviewBox[39m=[32m"0 0 24 24"[39m
              [33mwidth[39m=[32m"14"[39m
              
[33mxmlns[39m=[32m"http://www.w3.org/2000/svg"[39m
            [36m>[39m
              [36m<path[39m
                [33md[39m=[32m"M12.001 
5.00003V19.002"[39m
                [33mstroke[39m=[32m"currentColor"[39m
                
[33mstroke-linecap[39m=[32m"round"[39m
                
[33mstroke-linejoin[39m=[32m"round"[39m
                [33mstroke-width[39m=[32m"1.5"[39m
              [36m/>[39m
              [36m<path[39m
                [33md[39m=[32m"M19.002 12.002L4.99998 
12.002"[39m
                [33mstroke[39m=[32m"currentColor"[39m
                
[33mstroke-linecap[39m=[32m"round"[39m
                
[33mstroke-linejoin[39m=[32m"round"[39m
                [33mstroke-width[39m=[32m"1.5"[39m
              [36m/>[39m
            [36m</svg>[39m
            [0mEntry Transaksi[0m
          [36m</label>[39m
          [36m<button[39m
            [33maria-autocomplete[39m=[32m"none"[39m
            
[33maria-controls[39m=[32m"radix-_r_8_"[39m
            [33maria-expanded[39m=[32m"false"[39m
            [33mclass[39m=[32m"flex w-fit 
items-center justify-between gap-1.5 border bg-input/30 
px-3 py-2 text-sm whitespace-nowrap transition-colors 
outline-none focus-visible:border-ring 
focus-visible:ring-[3px] focus-visible:ring-ring/50 
disabled:cursor-not-allowed disabled:opacity-50 
aria-invalid:border-destructive aria-invalid:ring-[3px] 
aria-invalid:ring-destructive/20 
data-placeholder:text-muted-foreground 
data-[size=default]:h-9 data-[size=sm]:h-8 
*:data-[slot=select-value]:line-clamp-1 
*:data-[slot=select-value]:flex 
*:data-[slot=select-value]:items-center 
*:data-[slot=select-value]:gap-1.5 
dark:hover:bg-input/50 
dark:aria-invalid:border-destructive/50 
dark:aria-invalid:ring-destructive/40 
[&_svg]:pointer-events-none [&_svg]:shrink-0 
[&_svg:not([class*='size-'])]:size-4 rounded-none 
border-[#2C2A29]/10 focus:ring-[#8B5E56] h-12"[39m
            [33mdata-size[39m=[32m"default"[39m
            
[33mdata-slot[39m=[32m"select-trigger"[39m
            [33mdata-state[39m=[32m"closed"[39m
            [33mdir[39m=[32m"ltr"[39m
            [33mrole[39m=[32m"combobox"[39m
            [33mtype[39m=[32m"button"[39m
          [36m>[39m
            [36m<span[39m
              
[33mdata-slot[39m=[32m"select-value"[39m
              [33mstyle[39m=[32m"pointer-events: 
none;"[39m
            [36m>[39m
              [0mSesi Foto + 2 Strip (35k)[0m
            [36m</span>[39m
            [36m<svg[39m
              [33maria-hidden[39m=[32m"true"[39m
              [33mclass[39m=[32m"pointer-events-none 
size-4 text-muted-foreground"[39m
              [33mcolor[39m=[32m"currentColor"[39m

[2m Test Files [22m [1m[31m1 failed[39m[22m[90m (1)[39m
[2m      Tests [22m [1m[31m2 failed[39m[22m[2m | [22m[1m[32m3 passed[39m[22m[90m (5)[39m
[2m   Start at [22m 12:18:02
[2m   Duration [22m 2.81s[2m (transform 118ms, setup 242ms, import 1.85s, tests 215ms, environment 349ms)[22m

              [33mfill[39m=[32m"none"[39m
              [33mheight[39m=[32m"24"[39m
              [33mstroke[39m=[32m"currentColor"[39m
              [33mstroke-width[39m=[32m"2"[39m
              [33mviewBox[39m=[32m"0 0 24 24"[39m
              [33mwidth[39m=[32m"24"[39m
              
[33mxmlns[39m=[32m"http://www.w3.org/2000/svg"[39m
            [36m>[39m
              [36m<path[39m
                [33md[39m=[32m"M10.3483 
10H13.6517C15.6822 10 16.6974 10 16.9501 9.39139C17.2028 
8.78277 16.4849 8.06648 15.0491 6.63391L13.3974 
4.9859L13.3974 4.9859C12.7387 4.32863 12.4093 4 12 
4C11.5907 4 11.2613 4.32864 10.6026 4.9859L8.95091 
6.63391L8.95091 6.63391C7.51513 8.06649 6.79724 8.78277 
7.0499 9.39139C7.30256 10 8.31781 10 10.3483 10Z"[39m
                [33mstroke[39m=[32m"currentColor"[39m
                
[33mstroke-linecap[39m=[32m"round"[39m
                
[33mstroke-linejoin[39m=[32m"round"[39m
                [33mstroke-width[39m=[32m"2"[39m
              [36m/>[39m
              [36m<path[39m
                [33md[39m=[32m"M10.3483 
14H13.6517C15.6822 14 16.6974 14 16.9501 14.6086C17.2028 
15.2172 16.4849 15.9335 15.0491 17.3661L13.3974 
19.0141C12.7387 19.6714 12.4093 20 12 20C11.5907 20 
11.2613 19.6714 10.6026 19.0141L8.95091 17.3661C7.51513 
15.9335 6.79724 15.2172 7.0499 14.6086C7.30256 14 
8.31781 14 10.3483 14Z"[39m
                [33mstroke[39m=[32m"currentColor"[39m
                
[33mstroke-linecap[39m=[32m"round"[39m
                
[33mstroke-linejoin[39m=[32m"round"[39m
                [33mstroke-width[39m=[32m"2"[39m
              [36m/>[39m
            [36m</svg>[39m
          [36m</button>[39m
          [36m<select[39m
            [33maria-hidden[39m=[32m"true"[39m
            [33mstyle[39m=[32m"position: absolute; 
border: 0px; width: 1px; height: 1px; padding: 0px; 
margin: -1px; overflow: hidden; clip: rect(0, 0, 0, 0); 
white-space: nowrap; word-wrap: normal;"[39m
            [33mtabindex[39m=[32m"-1"[39m
          [36m>[39m
            [36m<option[39m
              [33mvalue[39m=[32m"Sesi Foto + 2 
Strip"[39m
            [36m>[39m
              [0mSesi Foto + 2 Strip (35k)[0m
            [36m</option>[39m
          [36m</select>[39m
        [36m</div>[39m
        [36m<div[39m
          [33mclass[39m=[32m"space-y-4"[39m
        [36m>[39m
          [36m<label[39m
            [33mclass[39m=[32m"text-[10px] 
tracking-[0.4em] uppercase font-bold text-[#5A5550]/60...
[90m [2mΓ¥»[22m Object.getElementError node_modules/@t
esting-library/dom/dist/config.js:[2m37:19[22m[39m
[90m [2mΓ¥»[22m node_modules/@testing-library/dom/dist
/query-helpers.js:[2m76:38[22m[39m
[90m [2mΓ¥»[22m node_modules/@testing-library/dom/dist
/query-helpers.js:[2m52:17[22m[39m
[90m [2mΓ¥»[22m node_modules/@testing-library/dom/dist
/query-helpers.js:[2m95:19[22m[39m
[36m [2mΓ¥»[22m tests/components/features/revenue/log-
transaction-form.test.tsx:[2m80:30[22m[39m
    [90m 78|[39m
    [90m 79|[39m     [90m// Fill customer name - 
required by schema[39m
    [90m 80|[39m     [35mconst[39m nameInput 
[33m=[39m screen[33m.[39m[34mgetByPlaceholderText[3
9m([36m/Nama Pelanggan/i[39m)
    [90m   |[39m                              
[31m^[39m
    [90m 81|[39m     fireEvent[33m.[39m[34mchange[3
9m(nameInput[33m,[39m { target[33m:[39m { 
value[33m:[39m [32m'Test Customer'[39m } })
    [90m 82|[39m

[31m[2mΓÄ»ΓÄ»ΓÄ»ΓÄ»ΓÄ»ΓÄ»ΓÄ»ΓÄ»ΓÄ»ΓÄ»ΓÄ»ΓÄ»ΓÄ»ΓÄ»ΓÄ»ΓÄ»
ΓÄ»ΓÄ»ΓÄ»ΓÄ»ΓÄ»ΓÄ»ΓÄ»ΓÄ»[2/2]ΓÄ»[22m[39m

error: script "test" exited with code 1
