
[1m[46m RUN [49m[22m [36mv4.1.2 [39m[90mD:/project/rahma/hikara[39m

[90mstdout[2m | tests/lib/actions/reservation-actions.test.ts[2m:91:5[22m[2m[2m > [22m[2mReservation Actions[2m > [22m[2msubmitReservation[2m > [22m[2mreturns error if slot is already booked
[22m[39m[BE] Handling reservation for 2024-03-01 at 10:00

[90mstdout[2m | tests/lib/actions/reservation-actions.test.ts[2m:98:5[22m[2m[2m > [22m[2mReservation Actions[2m > [22m[2msubmitReservation[2m > [22m[2mcreates reservation and sends notifications on success
[22m[39m[BE] Handling reservation for 2024-03-01 at 10:00

[90mstdout[2m | tests/lib/actions/reservation-actions.test.ts[2m:98:5[22m[2m[2m > [22m[2mReservation Actions[2m > [22m[2msubmitReservation[2m > [22m[2mcreates reservation and sends notifications on success
[22m[39m[BE] Reservation SUCCESS for John Doe on 2024-03-01 - Total: Rp 35.000 (tunai)

 [31mΓ¥»[39m tests/lib/actions/reservation-actions.test.ts [2m([22m[2m5 tests[22m[2m | [22m[31m2 failed[39m[2m)[22m[32m 23[2mms[22m[39m
       [32mΓ£ô[39m returns error if required fields are missing[32m 2[2mms[22m[39m
       [32mΓ£ô[39m returns error if slot is already booked[32m 2[2mms[22m[39m
       [32mΓ£ô[39m creates reservation and sends notifications on success[32m 16[2mms[22m[39m
[31m       [31m├ù[31m updates status and sends WA if confirmed and QRIS[39m[32m 1[2mms[22m[39m
[31m       [31m├ù[31m returns error if reservation not found[39m[32m 0[2mms[22m[39m
bun.exe : 
At 
C:\Users\farid\AppData\Roaming\npm\bun.ps1:14 
char:3
+   & "$basedir/node_modules/bun/bin/bun.exe"  
 $args
+   ~~~~~~~~~~~~~~~~~~~~~~~~~~~~~~~~~~~~~~~~~~~
~~~~~~
    + CategoryInfo          : NotSpecified: (: 
   String) [], RemoteException
    + FullyQualifiedErrorId : NativeCommandErr 
   or
 
[31mΓÄ»ΓÄ»ΓÄ»ΓÄ»ΓÄ»ΓÄ»ΓÄ»[39m[1m[41m 
Failed Tests 2 
[49m[22m[31mΓÄ»ΓÄ»ΓÄ»ΓÄ»ΓÄ»ΓÄ»ΓÄ»[39m

[41m[1m FAIL [22m[49m tests/lib/actions/res
ervation-actions.test.ts[2m:111:5[22m[2m > 
[22mReservation Actions[2m > 
[22mupdateReservationStatus[2m > 
[22mupdates status and sends WA if confirmed 
and QRIS
[31m[1mTypeError[22m: 
supabase.from(...).select(...).eq(...).single 
is not a function[39m
[36m [2mΓ¥»[22m 
Module.updateReservationStatus src/lib/actions/
reservation-actions.ts:[2m163:6[22m[39m
    [90m161|[39m     
[33m.[39m[34mselect[39m([32m"*"[39m)
    [90m162|[39m     [33m.[39m[34meq[39m(
[32m"id"[39m[33m,[39m id)
    [90m163|[39m     
[33m.[39m[34msingle[39m()[33m;[39m
    [90m   |[39m      [31m^[39m
    [90m164|[39m
    [90m165|[39m   [35mif[39m (fetchError 
[33m||[39m [33m![39mreservation) {
[90m [2mΓ¥»[22m tests/lib/actions/reservatio
n-actions.test.ts:[2m112:22[22m[39m

[31m[2mΓÄ»ΓÄ»ΓÄ»ΓÄ»ΓÄ»ΓÄ»ΓÄ»ΓÄ»ΓÄ»ΓÄ»ΓÄ»ΓÄ»ΓÄ
»ΓÄ»ΓÄ»ΓÄ»ΓÄ»ΓÄ»ΓÄ»ΓÄ»ΓÄ»ΓÄ»ΓÄ»ΓÄ»[1/2]ΓÄ»[22m
[39m

[41m[1m FAIL [22m[49m tests/lib/actions/res
ervation-actions.test.ts[2m:119:5[22m[2m > 
[22mReservation Actions[2m > 
[22mupdateReservationStatus[2m > 
[22mreturns error if reservation not found
[31m[1mTypeError[22m: 
supabase.from(...).select(...).eq(...).single 
is not a function[39m
[36m [2mΓ¥»[22m 
Module.updateReservationStatus src/lib/actions/
reservation-actions.ts:[2m163:6[22m[39m
    [90m161|[39m     
[33m.[39m[34mselect[39m([32m"*"[39m)
    [90m162|[39m     [33m.[39m[34meq[39m(
[32m"id"[39m[33m,[39m id)
    [90m163|[39m     
[33m.[39m[34msingle[39m()[33m;[39m
    [90m   |[39m      [31m^[39m
    [90m164|[39m
    [90m165|[39m   [35mif[39m (fetchError 
[33m||[39m [33m![39mreservation) {
[90m [2mΓ¥»[22m tests/lib/actions/reservatio
n-actions.test.ts:[2m121:22[22m[39m

[31m[2mΓÄ»ΓÄ»ΓÄ»ΓÄ»ΓÄ»ΓÄ»ΓÄ»ΓÄ»ΓÄ»ΓÄ»ΓÄ»ΓÄ»ΓÄ
»ΓÄ»ΓÄ»ΓÄ»ΓÄ»ΓÄ»ΓÄ»ΓÄ»ΓÄ»ΓÄ»ΓÄ»ΓÄ»[2/2]ΓÄ»[22m
[39m


[2m Test Files [22m [1m[31m1 failed[39m[22m[90m (1)[39m
[2m      Tests [22m [1m[31m2 failed[39m[22m[2m | [22m[1m[32m3 passed[39m[22m[90m (5)[39m
[2m   Start at [22m 11:28:53
[2m   Duration [22m 2.73s[2m (transform 77ms, setup 225ms, import 1.95s, tests 23ms, environment 351ms)[22m

