src/components/features/reservation/reservation-form.tsx(61,5): error TS2353: Object literal may only specify known properties, and 'required_error' does not exist in type '{ error?: string | $ZodErrorMap<$ZodIssueInvalidType<unknown>> | undefined; message?: string | undefined; }'.
src/components/features/reservation/reservation-form.tsx(64,5): error TS2769: No overload matches this call.
  Overload 1 of 2, '(params?: string | { error?: string | $ZodErrorMap<$ZodIssueInvalidType<unknown>> | undefined; message?: string | undefined; } | undefined): ZodString', gave the following error.
    Object literal may only specify known properties, and 'required_error' does not exist in type '{ error?: string | $ZodErrorMap<$ZodIssueInvalidType<unknown>> | undefined; message?: string | undefined; }'.
  Overload 2 of 2, '(params?: string | { error?: string | $ZodErrorMap<$ZodIssueInvalidType<unknown>> | undefined; message?: string | undefined; } | undefined): $ZodType<...>', gave the following error.
    Object literal may only specify known properties, and 'required_error' does not exist in type '{ error?: string | $ZodErrorMap<$ZodIssueInvalidType<unknown>> | undefined; message?: string | undefined; }'.
src/components/features/reservation/reservation-form.tsx(67,5): error TS2769: No overload matches this call.
  Overload 1 of 2, '(params?: string | { error?: string | $ZodErrorMap<$ZodIssueInvalidType<unknown>> | undefined; message?: string | undefined; } | undefined): ZodString', gave the following error.
    Object literal may only specify known properties, and 'required_error' does not exist in type '{ error?: string | $ZodErrorMap<$ZodIssueInvalidType<unknown>> | undefined; message?: string | undefined; }'.
  Overload 2 of 2, '(params?: string | { error?: string | $ZodErrorMap<$ZodIssueInvalidType<unknown>> | undefined; message?: string | undefined; } | undefined): $ZodType<...>', gave the following error.
    Object literal may only specify known properties, and 'required_error' does not exist in type '{ error?: string | $ZodErrorMap<$ZodIssueInvalidType<unknown>> | undefined; message?: string | undefined; }'.
